Archive member included to satisfy reference by file (symbol)

e:/stm32ide/stm32cubeide_1.11.0/stm32cubeide/plugins/com.st.stm32cube.ide.mcu.externaltools.gnu-tools-for-stm32.10.3-2021.10.win32_1.0.100.202210260954/tools/bin/../lib/gcc/arm-none-eabi/10.3.1/../../../../arm-none-eabi/lib/thumb/v7-m/nofp\libc_nano.a(lib_a-errno.o)
                              ./Core/Src/syscalls.o (__errno)
e:/stm32ide/stm32cubeide_1.11.0/stm32cubeide/plugins/com.st.stm32cube.ide.mcu.externaltools.gnu-tools-for-stm32.10.3-2021.10.win32_1.0.100.202210260954/tools/bin/../lib/gcc/arm-none-eabi/10.3.1/../../../../arm-none-eabi/lib/thumb/v7-m/nofp\libc_nano.a(lib_a-exit.o)
                              e:/stm32ide/stm32cubeide_1.11.0/stm32cubeide/plugins/com.st.stm32cube.ide.mcu.externaltools.gnu-tools-for-stm32.10.3-2021.10.win32_1.0.100.202210260954/tools/bin/../lib/gcc/arm-none-eabi/10.3.1/../../../../arm-none-eabi/lib/thumb/v7-m/nofp/crt0.o (exit)
e:/stm32ide/stm32cubeide_1.11.0/stm32cubeide/plugins/com.st.stm32cube.ide.mcu.externaltools.gnu-tools-for-stm32.10.3-2021.10.win32_1.0.100.202210260954/tools/bin/../lib/gcc/arm-none-eabi/10.3.1/../../../../arm-none-eabi/lib/thumb/v7-m/nofp\libc_nano.a(lib_a-impure.o)
                              e:/stm32ide/stm32cubeide_1.11.0/stm32cubeide/plugins/com.st.stm32cube.ide.mcu.externaltools.gnu-tools-for-stm32.10.3-2021.10.win32_1.0.100.202210260954/tools/bin/../lib/gcc/arm-none-eabi/10.3.1/../../../../arm-none-eabi/lib/thumb/v7-m/nofp\libc_nano.a(lib_a-exit.o) (_global_impure_ptr)
e:/stm32ide/stm32cubeide_1.11.0/stm32cubeide/plugins/com.st.stm32cube.ide.mcu.externaltools.gnu-tools-for-stm32.10.3-2021.10.win32_1.0.100.202210260954/tools/bin/../lib/gcc/arm-none-eabi/10.3.1/../../../../arm-none-eabi/lib/thumb/v7-m/nofp\libc_nano.a(lib_a-init.o)
                              e:/stm32ide/stm32cubeide_1.11.0/stm32cubeide/plugins/com.st.stm32cube.ide.mcu.externaltools.gnu-tools-for-stm32.10.3-2021.10.win32_1.0.100.202210260954/tools/bin/../lib/gcc/arm-none-eabi/10.3.1/../../../../arm-none-eabi/lib/thumb/v7-m/nofp/crt0.o (__libc_init_array)
e:/stm32ide/stm32cubeide_1.11.0/stm32cubeide/plugins/com.st.stm32cube.ide.mcu.externaltools.gnu-tools-for-stm32.10.3-2021.10.win32_1.0.100.202210260954/tools/bin/../lib/gcc/arm-none-eabi/10.3.1/../../../../arm-none-eabi/lib/thumb/v7-m/nofp\libc_nano.a(lib_a-memset.o)
                              e:/stm32ide/stm32cubeide_1.11.0/stm32cubeide/plugins/com.st.stm32cube.ide.mcu.externaltools.gnu-tools-for-stm32.10.3-2021.10.win32_1.0.100.202210260954/tools/bin/../lib/gcc/arm-none-eabi/10.3.1/../../../../arm-none-eabi/lib/thumb/v7-m/nofp/crt0.o (memset)

Discarded input sections

 .text          0x0000000000000000        0x0 e:/stm32ide/stm32cubeide_1.11.0/stm32cubeide/plugins/com.st.stm32cube.ide.mcu.externaltools.gnu-tools-for-stm32.10.3-2021.10.win32_1.0.100.202210260954/tools/bin/../lib/gcc/arm-none-eabi/10.3.1/thumb/v7-m/nofp/crti.o
 .data          0x0000000000000000        0x0 e:/stm32ide/stm32cubeide_1.11.0/stm32cubeide/plugins/com.st.stm32cube.ide.mcu.externaltools.gnu-tools-for-stm32.10.3-2021.10.win32_1.0.100.202210260954/tools/bin/../lib/gcc/arm-none-eabi/10.3.1/thumb/v7-m/nofp/crti.o
 .bss           0x0000000000000000        0x0 e:/stm32ide/stm32cubeide_1.11.0/stm32cubeide/plugins/com.st.stm32cube.ide.mcu.externaltools.gnu-tools-for-stm32.10.3-2021.10.win32_1.0.100.202210260954/tools/bin/../lib/gcc/arm-none-eabi/10.3.1/thumb/v7-m/nofp/crti.o
 .data          0x0000000000000000        0x4 e:/stm32ide/stm32cubeide_1.11.0/stm32cubeide/plugins/com.st.stm32cube.ide.mcu.externaltools.gnu-tools-for-stm32.10.3-2021.10.win32_1.0.100.202210260954/tools/bin/../lib/gcc/arm-none-eabi/10.3.1/thumb/v7-m/nofp/crtbegin.o
 .rodata        0x0000000000000000       0x24 e:/stm32ide/stm32cubeide_1.11.0/stm32cubeide/plugins/com.st.stm32cube.ide.mcu.externaltools.gnu-tools-for-stm32.10.3-2021.10.win32_1.0.100.202210260954/tools/bin/../lib/gcc/arm-none-eabi/10.3.1/thumb/v7-m/nofp/crtbegin.o
 .text          0x0000000000000000       0x7c e:/stm32ide/stm32cubeide_1.11.0/stm32cubeide/plugins/com.st.stm32cube.ide.mcu.externaltools.gnu-tools-for-stm32.10.3-2021.10.win32_1.0.100.202210260954/tools/bin/../lib/gcc/arm-none-eabi/10.3.1/../../../../arm-none-eabi/lib/thumb/v7-m/nofp/crt0.o
 .data          0x0000000000000000        0x0 e:/stm32ide/stm32cubeide_1.11.0/stm32cubeide/plugins/com.st.stm32cube.ide.mcu.externaltools.gnu-tools-for-stm32.10.3-2021.10.win32_1.0.100.202210260954/tools/bin/../lib/gcc/arm-none-eabi/10.3.1/../../../../arm-none-eabi/lib/thumb/v7-m/nofp/crt0.o
 .bss           0x0000000000000000        0x0 e:/stm32ide/stm32cubeide_1.11.0/stm32cubeide/plugins/com.st.stm32cube.ide.mcu.externaltools.gnu-tools-for-stm32.10.3-2021.10.win32_1.0.100.202210260954/tools/bin/../lib/gcc/arm-none-eabi/10.3.1/../../../../arm-none-eabi/lib/thumb/v7-m/nofp/crt0.o
[...]
Memory Configuration

Name             Origin             Length             Attributes
RAM              0x0000000020000000 0x0000000000002800 xrw
FLASH            0x0000000008000000 0x0000000000008000 xr
*default*        0x0000000000000000 0xffffffffffffffff

Linker script and memory map

LOAD e:/stm32ide/stm32cubeide_1.11.0/stm32cubeide/plugins/com.st.stm32cube.ide.mcu.externaltools.gnu-tools-for-stm32.10.3-2021.10.win32_1.0.100.202210260954/tools/bin/../lib/gcc/arm-none-eabi/10.3.1/thumb/v7-m/nofp/crti.o
LOAD e:/stm32ide/stm32cubeide_1.11.0/stm32cubeide/plugins/com.st.stm32cube.ide.mcu.externaltools.gnu-tools-for-stm32.10.3-2021.10.win32_1.0.100.202210260954/tools/bin/../lib/gcc/arm-none-eabi/10.3.1/thumb/v7-m/nofp/crtbegin.o
LOAD e:/stm32ide/stm32cubeide_1.11.0/stm32cubeide/plugins/com.st.stm32cube.ide.mcu.externaltools.gnu-tools-for-stm32.10.3-2021.10.win32_1.0.100.202210260954/tools/bin/../lib/gcc/arm-none-eabi/10.3.1/../../../../arm-none-eabi/lib/thumb/v7-m/nofp/crt0.o
LOAD ./Core/Src/main.o
LOAD ./Core/Src/software_timer.o
LOAD ./Core/Src/stm32f1xx_hal_msp.o
LOAD ./Core/Src/stm32f1xx_it.o
LOAD ./Core/Src/syscalls.o
LOAD ./Core/Src/sysmem.o
LOAD ./Core/Src/system_stm32f1xx.o
LOAD ./Core/Startup/startup_stm32f103c6tx.o
LOAD ./Drivers/STM32F1xx_HAL_Driver/Src/stm32f1xx_hal.o
LOAD ./Drivers/STM32F1xx_HAL_Driver/Src/stm32f1xx_hal_cortex.o
LOAD ./Drivers/STM32F1xx_HAL_Driver/Src/stm32f1xx_hal_dma.o
LOAD ./Drivers/STM32F1xx_HAL_Driver/Src/stm32f1xx_hal_exti.o
LOAD ./Drivers/STM32F1xx_HAL_Driver/Src/stm32f1xx_hal_flash.o
LOAD ./Drivers/STM32F1xx_HAL_Driver/Src/stm32f1xx_hal_flash_ex.o
LOAD ./Drivers/STM32F1xx_HAL_Driver/Src/stm32f1xx_hal_gpio.o
LOAD ./Drivers/STM32F1xx_HAL_Driver/Src/stm32f1xx_hal_gpio_ex.o
LOAD ./Drivers/STM32F1xx_HAL_Driver/Src/stm32f1xx_hal_pwr.o
LOAD ./Drivers/STM32F1xx_HAL_Driver/Src/stm32f1xx_hal_rcc.o
LOAD ./Drivers/STM32F1xx_HAL_Driver/Src/stm32f1xx_hal_rcc_ex.o
LOAD ./Drivers/STM32F1xx_HAL_Driver/Src/stm32f1xx_hal_tim.o
LOAD ./Drivers/STM32F1xx_HAL_Driver/Src/stm32f1xx_hal_tim_ex.o
START GROUP
LOAD e:/stm32ide/stm32cubeide_1.11.0/stm32cubeide/plugins/com.st.stm32cube.ide.mcu.externaltools.gnu-tools-for-stm32.10.3-2021.10.win32_1.0.100.202210260954/tools/bin/../lib/gcc/arm-none-eabi/10.3.1/../../../../arm-none-eabi/lib/thumb/v7-m/nofp\libc_nano.a
LOAD e:/stm32ide/stm32cubeide_1.11.0/stm32cubeide/plugins/com.st.stm32cube.ide.mcu.externaltools.gnu-tools-for-stm32.10.3-2021.10.win32_1.0.100.202210260954/tools/bin/../lib/gcc/arm-none-eabi/10.3.1/../../../../arm-none-eabi/lib/thumb/v7-m/nofp\libm.a
END GROUP
START GROUP
LOAD e:/stm32ide/stm32cubeide_1.11.0/stm32cubeide/plugins/com.st.stm32cube.ide.mcu.externaltools.gnu-tools-for-stm32.10.3-2021.10.win32_1.0.100.202210260954/tools/bin/../lib/gcc/arm-none-eabi/10.3.1/thumb/v7-m/nofp\libgcc.a
LOAD e:/stm32ide/stm32cubeide_1.11.0/stm32cubeide/plugins/com.st.stm32cube.ide.mcu.externaltools.gnu-tools-for-stm32.10.3-2021.10.win32_1.0.100.202210260954/tools/bin/../lib/gcc/arm-none-eabi/10.3.1/../../../../arm-none-eabi/lib/thumb/v7-m/nofp\libc_nano.a
END GROUP
START GROUP
LOAD e:/stm32ide/stm32cubeide_1.11.0/stm32cubeide/plugins/com.st.stm32cube.ide.mcu.externaltools.gnu-tools-for-stm32.10.3-2021.10.win32_1.0.100.202210260954/tools/bin/../lib/gcc/arm-none-eabi/10.3.1/thumb/v7-m/nofp\libgcc.a
LOAD e:/stm32ide/stm32cubeide_1.11.0/stm32cubeide/plugins/com.st.stm32cube.ide.mcu.externaltools.gnu-tools-for-stm32.10.3-2021.10.win32_1.0.100.202210260954/tools/bin/../lib/gcc/arm-none-eabi/10.3.1/../../../../arm-none-eabi/lib/thumb/v7-m/nofp\libc_nano.a
LOAD e:/stm32ide/stm32cubeide_1.11.0/stm32cubeide/plugins/com.st.stm32cube.ide.mcu.externaltools.gnu-tools-for-stm32.10.3-2021.10.win32_1.0.100.202210260954/tools/bin/../lib/gcc/arm-none-eabi/10.3.1/../../../../arm-none-eabi/lib/thumb/v7-m/nofp\libnosys.a
END GROUP
START GROUP
LOAD e:/stm32ide/stm32cubeide_1.11.0/stm32cubeide/plugins/com.st.stm32cube.ide.mcu.externaltools.gnu-tools-for-stm32.10.3-2021.10.win32_1.0.100.202210260954/tools/bin/../lib/gcc/arm-none-eabi/10.3.1/thumb/v7-m/nofp\libgcc.a
LOAD e:/stm32ide/stm32cubeide_1.11.0/stm32cubeide/plugins/com.st.stm32cube.ide.mcu.externaltools.gnu-tools-for-stm32.10.3-2021.10.win32_1.0.100.202210260954/tools/bin/../lib/gcc/arm-none-eabi/10.3.1/../../../../arm-none-eabi/lib/thumb/v7-m/nofp\libc_nano.a
LOAD e:/stm32ide/stm32cubeide_1.11.0/stm32cubeide/plugins/com.st.stm32cube.ide.mcu.externaltools.gnu-tools-for-stm32.10.3-2021.10.win32_1.0.100.202210260954/tools/bin/../lib/gcc/arm-none-eabi/10.3.1/../../../../arm-none-eabi/lib/thumb/v7-m/nofp\libnosys.a
END GROUP
LOAD e:/stm32ide/stm32cubeide_1.11.0/stm32cubeide/plugins/com.st.stm32cube.ide.mcu.externaltools.gnu-tools-for-stm32.10.3-2021.10.win32_1.0.100.202210260954/tools/bin/../lib/gcc/arm-none-eabi/10.3.1/thumb/v7-m/nofp/crtend.o
LOAD e:/stm32ide/stm32cubeide_1.11.0/stm32cubeide/plugins/com.st.stm32cube.ide.mcu.externaltools.gnu-tools-for-stm32.10.3-2021.10.win32_1.0.100.202210260954/tools/bin/../lib/gcc/arm-none-eabi/10.3.1/thumb/v7-m/nofp/crtn.o
                0x0000000020002800                _estack = (ORIGIN (RAM) + LENGTH (RAM))
                0x0000000000000200                _Min_Heap_Size = 0x200
                0x0000000000000400                _Min_Stack_Size = 0x400

.isr_vector     0x0000000008000000      0x10c
                0x0000000008000000                . = ALIGN (0x4)
 *(.isr_vector)
 .isr_vector    0x0000000008000000      0x10c ./Core/Startup/startup_stm32f103c6tx.o
                0x0000000008000000                g_pfnVectors
                0x000000000800010c                . = ALIGN (0x4)

.text           0x000000000800010c     0x1d18
                0x000000000800010c                . = ALIGN (0x4)
 *(.text)
 .text          0x000000000800010c       0x40 e:/stm32ide/stm32cubeide_1.11.0/stm32cubeide/plugins/com.st.stm32cube.ide.mcu.externaltools.gnu-tools-for-stm32.10.3-2021.10.win32_1.0.100.202210260954/tools/bin/../lib/gcc/arm-none-eabi/10.3.1/thumb/v7-m/nofp/crtbegin.o
 *(.text*)
 .text.main     0x000000000800014c       0x34 ./Core/Src/main.o
                0x000000000800014c                main
 .text.SystemClock_Config
                0x0000000008000180       0x76 ./Core/Src/main.o
                0x0000000008000180                SystemClock_Config
 *fill*         0x00000000080001f6        0x2 
 .text.MX_TIM2_Init
                0x00000000080001f8       0x98 ./Core/Src/main.o
 .text.MX_GPIO_Init
                0x0000000008000290       0xa8 ./Core/Src/main.o
 .text.HAL_TIM_PeriodElapsedCallback
                0x0000000008000338       0x84 ./Core/Src/main.o
                0x0000000008000338                HAL_TIM_PeriodElapsedCallback
 .text.DisplayOne7SEG
                0x00000000080003bc       0x74 ./Core/Src/main.o
                0x00000000080003bc                DisplayOne7SEG
 .text.EnableOne7SEG
                0x0000000008000430       0x64 ./Core/Src/main.o
                0x0000000008000430                EnableOne7SEG
 .text.DisplayMultiple7SEG
                0x0000000008000494       0x1e ./Core/Src/main.o
                0x0000000008000494                DisplayMultiple7SEG
 *fill*         0x00000000080004b2        0x2 
 .text.Update7SEG
                0x00000000080004b4       0x2c ./Core/Src/main.o
                0x00000000080004b4                Update7SEG
 .text.TestClockBuffer
                0x00000000080004e0       0x60 ./Core/Src/main.o
                0x00000000080004e0                TestClockBuffer
 .text.Error_Handler
                0x0000000008000540        0xa ./Core/Src/main.o
                0x0000000008000540                Error_Handler
 *fill*         0x000000000800054a        0x2 
 .text.SetTimerDefault
                0x000000000800054c       0x30 ./Core/Src/software_timer.o
                0x000000000800054c                SetTimerDefault
 .text.GetFlagTimerDefault
                0x000000000800057c       0x20 ./Core/Src/software_timer.o
                0x000000000800057c                GetFlagTimerDefault
 .text.TimerRunDefault
                0x000000000800059c       0x50 ./Core/Src/software_timer.o
                0x000000000800059c                TimerRunDefault
 .text.SetTimer7SEG
                0x00000000080005ec       0x18 ./Core/Src/software_timer.o
                0x00000000080005ec                SetTimer7SEG
 .text.GetFlagTimer7SEG
                0x0000000008000604       0x10 ./Core/Src/software_timer.o
                0x0000000008000604                GetFlagTimer7SEG
 .text.TimerRun7SEG
                0x0000000008000614        0xe ./Core/Src/software_timer.o
                0x0000000008000614                TimerRun7SEG
 .text.SetTimerLED
                0x0000000008000622       0x18 ./Core/Src/software_timer.o
                0x0000000008000622                SetTimerLED
 .text.GetFlagTimerLED
                0x000000000800063a       0x10 ./Core/Src/software_timer.o
                0x000000000800063a                GetFlagTimerLED
 .text.TimerRunLED
                0x000000000800064a        0xe ./Core/Src/software_timer.o
                0x000000000800064a                TimerRunLED
 .text.SetTimerDOT
                0x0000000008000658       0x18 ./Core/Src/software_timer.o
                0x0000000008000658                SetTimerDOT
 .text.GetFlagTimerDOT
                0x0000000008000670       0x10 ./Core/Src/software_timer.o
                0x0000000008000670                GetFlagTimerDOT
 .text.TimerRunDOT
                0x0000000008000680        0xe ./Core/Src/software_timer.o
                0x0000000008000680                TimerRunDOT
 .text.TimerRun
                0x000000000800068e       0x14 ./Core/Src/software_timer.o
                0x000000000800068e                TimerRun
 *fill*         0x00000000080006a2        0x2 
 .text.HAL_MspInit
                0x00000000080006a4       0x44 ./Core/Src/stm32f1xx_hal_msp.o
                0x00000000080006a4                HAL_MspInit
 .text.HAL_TIM_Base_MspInit
                0x00000000080006e8       0x48 ./Core/Src/stm32f1xx_hal_msp.o
                0x00000000080006e8                HAL_TIM_Base_MspInit
 .text.NMI_Handler
                0x0000000008000730        0x6 ./Core/Src/stm32f1xx_it.o
                0x0000000008000730                NMI_Handler
 .text.HardFault_Handler
                0x0000000008000736        0x6 ./Core/Src/stm32f1xx_it.o
                0x0000000008000736                HardFault_Handler
 .text.MemManage_Handler
                0x000000000800073c        0x6 ./Core/Src/stm32f1xx_it.o
                0x000000000800073c                MemManage_Handler
 .text.BusFault_Handler
                0x0000000008000742        0x6 ./Core/Src/stm32f1xx_it.o
                0x0000000008000742                BusFault_Handler
 .text.UsageFault_Handler
                0x0000000008000748        0x6 ./Core/Src/stm32f1xx_it.o
                0x0000000008000748                UsageFault_Handler
 .text.SVC_Handler
                0x000000000800074e        0xc ./Core/Src/stm32f1xx_it.o
                0x000000000800074e                SVC_Handler
 .text.DebugMon_Handler
                0x000000000800075a        0xc ./Core/Src/stm32f1xx_it.o
                0x000000000800075a                DebugMon_Handler
 .text.PendSV_Handler
                0x0000000008000766        0xc ./Core/Src/stm32f1xx_it.o
                0x0000000008000766                PendSV_Handler
 .text.SysTick_Handler
                0x0000000008000772        0xc ./Core/Src/stm32f1xx_it.o
                0x0000000008000772                SysTick_Handler
 *fill*         0x000000000800077e        0x2 
 .text.TIM2_IRQHandler
                0x0000000008000780       0x14 ./Core/Src/stm32f1xx_it.o
                0x0000000008000780                TIM2_IRQHandler
 .text.SystemInit
                0x0000000008000794        0xc ./Core/Src/system_stm32f1xx.o
                0x0000000008000794                SystemInit
 .text.Reset_Handler
                0x00000000080007a0       0x48 ./Core/Startup/startup_stm32f103c6tx.o
                0x00000000080007a0                Reset_Handler
 .text.Default_Handler
                0x00000000080007e8        0x2 ./Core/Startup/startup_stm32f103c6tx.o
                0x00000000080007e8                RTC_Alarm_IRQHandler
                0x00000000080007e8                EXTI2_IRQHandler
                0x00000000080007e8                TIM1_CC_IRQHandler
                0x00000000080007e8                PVD_IRQHandler
                0x00000000080007e8                EXTI3_IRQHandler
                0x00000000080007e8                EXTI0_IRQHandler
                0x00000000080007e8                ADC1_2_IRQHandler
                0x00000000080007e8                SPI1_IRQHandler
                0x00000000080007e8                TAMPER_IRQHandler
                0x00000000080007e8                DMA1_Channel4_IRQHandler
                0x00000000080007e8                RTC_IRQHandler
                0x00000000080007e8                DMA1_Channel7_IRQHandler
                0x00000000080007e8                CAN1_RX1_IRQHandler
                0x00000000080007e8                I2C1_EV_IRQHandler
                0x00000000080007e8                DMA1_Channel6_IRQHandler
                0x00000000080007e8                TIM3_IRQHandler
                0x00000000080007e8                RCC_IRQHandler
                0x00000000080007e8                TIM1_TRG_COM_IRQHandler
                0x00000000080007e8                DMA1_Channel1_IRQHandler
                0x00000000080007e8                Default_Handler
                0x00000000080007e8                EXTI15_10_IRQHandler
                0x00000000080007e8                EXTI9_5_IRQHandler
                0x00000000080007e8                DMA1_Channel5_IRQHandler
                0x00000000080007e8                EXTI4_IRQHandler
                0x00000000080007e8                USB_LP_CAN1_RX0_IRQHandler
                0x00000000080007e8                USB_HP_CAN1_TX_IRQHandler
                0x00000000080007e8                DMA1_Channel3_IRQHandler
                0x00000000080007e8                TIM1_UP_IRQHandler
                0x00000000080007e8                WWDG_IRQHandler
                0x00000000080007e8                TIM1_BRK_IRQHandler
                0x00000000080007e8                EXTI1_IRQHandler
                0x00000000080007e8                USART2_IRQHandler
                0x00000000080007e8                DMA1_Channel2_IRQHandler
                0x00000000080007e8                CAN1_SCE_IRQHandler
                0x00000000080007e8                FLASH_IRQHandler
                0x00000000080007e8                USART1_IRQHandler
                0x00000000080007e8                I2C1_ER_IRQHandler
                0x00000000080007e8                USBWakeUp_IRQHandler
 *fill*         0x00000000080007ea        0x2 
 .text.HAL_Init
                0x00000000080007ec       0x2c ./Drivers/STM32F1xx_HAL_Driver/Src/stm32f1xx_hal.o
                0x00000000080007ec                HAL_Init
 .text.HAL_InitTick
                0x0000000008000818       0x60 ./Drivers/STM32F1xx_HAL_Driver/Src/stm32f1xx_hal.o
                0x0000000008000818                HAL_InitTick
 .text.HAL_IncTick
                0x0000000008000878       0x24 ./Drivers/STM32F1xx_HAL_Driver/Src/stm32f1xx_hal.o
                0x0000000008000878                HAL_IncTick
 .text.HAL_GetTick
                0x000000000800089c       0x14 ./Drivers/STM32F1xx_HAL_Driver/Src/stm32f1xx_hal.o
                0x000000000800089c                HAL_GetTick
 .text.__NVIC_SetPriorityGrouping
                0x00000000080008b0       0x48 ./Drivers/STM32F1xx_HAL_Driver/Src/stm32f1xx_hal_cortex.o
 .text.__NVIC_GetPriorityGrouping
                0x00000000080008f8       0x1c ./Drivers/STM32F1xx_HAL_Driver/Src/stm32f1xx_hal_cortex.o
 .text.__NVIC_EnableIRQ
                0x0000000008000914       0x38 ./Drivers/STM32F1xx_HAL_Driver/Src/stm32f1xx_hal_cortex.o
 .text.__NVIC_SetPriority
                0x000000000800094c       0x54 ./Drivers/STM32F1xx_HAL_Driver/Src/stm32f1xx_hal_cortex.o
 .text.NVIC_EncodePriority
                0x00000000080009a0       0x64 ./Drivers/STM32F1xx_HAL_Driver/Src/stm32f1xx_hal_cortex.o
 .text.SysTick_Config
                0x0000000008000a04       0x44 ./Drivers/STM32F1xx_HAL_Driver/Src/stm32f1xx_hal_cortex.o
 .text.HAL_NVIC_SetPriorityGrouping
                0x0000000008000a48       0x16 ./Drivers/STM32F1xx_HAL_Driver/Src/stm32f1xx_hal_cortex.o
                0x0000000008000a48                HAL_NVIC_SetPriorityGrouping
 .text.HAL_NVIC_SetPriority
                0x0000000008000a5e       0x38 ./Drivers/STM32F1xx_HAL_Driver/Src/stm32f1xx_hal_cortex.o
                0x0000000008000a5e                HAL_NVIC_SetPriority
 .text.HAL_NVIC_EnableIRQ
                0x0000000008000a96       0x1c ./Drivers/STM32F1xx_HAL_Driver/Src/stm32f1xx_hal_cortex.o
                0x0000000008000a96                HAL_NVIC_EnableIRQ
 .text.HAL_SYSTICK_Config
                0x0000000008000ab2       0x18 ./Drivers/STM32F1xx_HAL_Driver/Src/stm32f1xx_hal_cortex.o
                0x0000000008000ab2                HAL_SYSTICK_Config
 *fill*         0x0000000008000aca        0x2 
 .text.HAL_GPIO_Init
                0x0000000008000acc      0x2f8 ./Drivers/STM32F1xx_HAL_Driver/Src/stm32f1xx_hal_gpio.o
                0x0000000008000acc                HAL_GPIO_Init
 .text.HAL_GPIO_WritePin
                0x0000000008000dc4       0x30 ./Drivers/STM32F1xx_HAL_Driver/Src/stm32f1xx_hal_gpio.o
                0x0000000008000dc4                HAL_GPIO_WritePin
 .text.HAL_GPIO_TogglePin
                0x0000000008000df4       0x32 ./Drivers/STM32F1xx_HAL_Driver/Src/stm32f1xx_hal_gpio.o
                0x0000000008000df4                HAL_GPIO_TogglePin
 *fill*         0x0000000008000e26        0x2 
 .text.HAL_RCC_OscConfig
                0x0000000008000e28      0x504 ./Drivers/STM32F1xx_HAL_Driver/Src/stm32f1xx_hal_rcc.o
                0x0000000008000e28                HAL_RCC_OscConfig
 .text.HAL_RCC_ClockConfig
                0x000000000800132c      0x1d4 ./Drivers/STM32F1xx_HAL_Driver/Src/stm32f1xx_hal_rcc.o
                0x000000000800132c                HAL_RCC_ClockConfig
 .text.HAL_RCC_GetSysClockFreq
                0x0000000008001500       0xa8 ./Drivers/STM32F1xx_HAL_Driver/Src/stm32f1xx_hal_rcc.o
                0x0000000008001500                HAL_RCC_GetSysClockFreq
 .text.RCC_Delay
                0x00000000080015a8       0x3c ./Drivers/STM32F1xx_HAL_Driver/Src/stm32f1xx_hal_rcc.o
 .text.HAL_TIM_Base_Init
                0x00000000080015e4       0x9e ./Drivers/STM32F1xx_HAL_Driver/Src/stm32f1xx_hal_tim.o
                0x00000000080015e4                HAL_TIM_Base_Init
 *fill*         0x0000000008001682        0x2 
 .text.HAL_TIM_Base_Start_IT
                0x0000000008001684       0x98 ./Drivers/STM32F1xx_HAL_Driver/Src/stm32f1xx_hal_tim.o
                0x0000000008001684                HAL_TIM_Base_Start_IT
 .text.HAL_TIM_IRQHandler
                0x000000000800171c      0x210 ./Drivers/STM32F1xx_HAL_Driver/Src/stm32f1xx_hal_tim.o
                0x000000000800171c                HAL_TIM_IRQHandler
 .text.HAL_TIM_ConfigClockSource
                0x000000000800192c      0x18e ./Drivers/STM32F1xx_HAL_Driver/Src/stm32f1xx_hal_tim.o
                0x000000000800192c                HAL_TIM_ConfigClockSource
 .text.HAL_TIM_OC_DelayElapsedCallback
                0x0000000008001aba       0x12 ./Drivers/STM32F1xx_HAL_Driver/Src/stm32f1xx_hal_tim.o
                0x0000000008001aba                HAL_TIM_OC_DelayElapsedCallback
 .text.HAL_TIM_IC_CaptureCallback
                0x0000000008001acc       0x12 ./Drivers/STM32F1xx_HAL_Driver/Src/stm32f1xx_hal_tim.o
                0x0000000008001acc                HAL_TIM_IC_CaptureCallback
 .text.HAL_TIM_PWM_PulseFinishedCallback
                0x0000000008001ade       0x12 ./Drivers/STM32F1xx_HAL_Driver/Src/stm32f1xx_hal_tim.o
                0x0000000008001ade                HAL_TIM_PWM_PulseFinishedCallback
 .text.HAL_TIM_TriggerCallback
                0x0000000008001af0       0x12 ./Drivers/STM32F1xx_HAL_Driver/Src/stm32f1xx_hal_tim.o
                0x0000000008001af0                HAL_TIM_TriggerCallback
 *fill*         0x0000000008001b02        0x2 
 .text.TIM_Base_SetConfig
                0x0000000008001b04       0xb0 ./Drivers/STM32F1xx_HAL_Driver/Src/stm32f1xx_hal_tim.o
                0x0000000008001b04                TIM_Base_SetConfig
 .text.TIM_TI1_ConfigInputStage
                0x0000000008001bb4       0x5c ./Drivers/STM32F1xx_HAL_Driver/Src/stm32f1xx_hal_tim.o
 .text.TIM_TI2_ConfigInputStage
                0x0000000008001c10       0x5e ./Drivers/STM32F1xx_HAL_Driver/Src/stm32f1xx_hal_tim.o
 .text.TIM_ITRx_SetConfig
                0x0000000008001c6e       0x34 ./Drivers/STM32F1xx_HAL_Driver/Src/stm32f1xx_hal_tim.o
 .text.TIM_ETR_SetConfig
                0x0000000008001ca2       0x3e ./Drivers/STM32F1xx_HAL_Driver/Src/stm32f1xx_hal_tim.o
                0x0000000008001ca2                TIM_ETR_SetConfig
 .text.HAL_TIMEx_MasterConfigSynchronization
                0x0000000008001ce0       0xb0 ./Drivers/STM32F1xx_HAL_Driver/Src/stm32f1xx_hal_tim_ex.o
                0x0000000008001ce0                HAL_TIMEx_MasterConfigSynchronization
 .text.HAL_TIMEx_CommutCallback
                0x0000000008001d90       0x12 ./Drivers/STM32F1xx_HAL_Driver/Src/stm32f1xx_hal_tim_ex.o
                0x0000000008001d90                HAL_TIMEx_CommutCallback
 .text.HAL_TIMEx_BreakCallback
                0x0000000008001da2       0x12 ./Drivers/STM32F1xx_HAL_Driver/Src/stm32f1xx_hal_tim_ex.o
                0x0000000008001da2                HAL_TIMEx_BreakCallback
 .text.__libc_init_array
                0x0000000008001db4       0x48 e:/stm32ide/stm32cubeide_1.11.0/stm32cubeide/plugins/com.st.stm32cube.ide.mcu.externaltools.gnu-tools-for-stm32.10.3-2021.10.win32_1.0.100.202210260954/tools/bin/../lib/gcc/arm-none-eabi/10.3.1/../../../../arm-none-eabi/lib/thumb/v7-m/nofp\libc_nano.a(lib_a-init.o)
                0x0000000008001db4                __libc_init_array
 .text.memset   0x0000000008001dfc       0x10 e:/stm32ide/stm32cubeide_1.11.0/stm32cubeide/plugins/com.st.stm32cube.ide.mcu.externaltools.gnu-tools-for-stm32.10.3-2021.10.win32_1.0.100.202210260954/tools/bin/../lib/gcc/arm-none-eabi/10.3.1/../../../../arm-none-eabi/lib/thumb/v7-m/nofp\libc_nano.a(lib_a-memset.o)
                0x0000000008001dfc                memset
 *(.glue_7)
 .glue_7        0x0000000008001e0c        0x0 linker stubs
 *(.glue_7t)
 .glue_7t       0x0000000008001e0c        0x0 linker stubs
 *(.eh_frame)
 .eh_frame      0x0000000008001e0c        0x0 e:/stm32ide/stm32cubeide_1.11.0/stm32cubeide/plugins/com.st.stm32cube.ide.mcu.externaltools.gnu-tools-for-stm32.10.3-2021.10.win32_1.0.100.202210260954/tools/bin/../lib/gcc/arm-none-eabi/10.3.1/thumb/v7-m/nofp/crtbegin.o
 *(.init)
 .init          0x0000000008001e0c        0x4 e:/stm32ide/stm32cubeide_1.11.0/stm32cubeide/plugins/com.st.stm32cube.ide.mcu.externaltools.gnu-tools-for-stm32.10.3-2021.10.win32_1.0.100.202210260954/tools/bin/../lib/gcc/arm-none-eabi/10.3.1/thumb/v7-m/nofp/crti.o
                0x0000000008001e0c                _init
 .init          0x0000000008001e10        0x8 e:/stm32ide/stm32cubeide_1.11.0/stm32cubeide/plugins/com.st.stm32cube.ide.mcu.externaltools.gnu-tools-for-stm32.10.3-2021.10.win32_1.0.100.202210260954/tools/bin/../lib/gcc/arm-none-eabi/10.3.1/thumb/v7-m/nofp/crtn.o
 *(.fini)
 .fini          0x0000000008001e18        0x4 e:/stm32ide/stm32cubeide_1.11.0/stm32cubeide/plugins/com.st.stm32cube.ide.mcu.externaltools.gnu-tools-for-stm32.10.3-2021.10.win32_1.0.100.202210260954/tools/bin/../lib/gcc/arm-none-eabi/10.3.1/thumb/v7-m/nofp/crti.o
                0x0000000008001e18                _fini
 .fini          0x0000000008001e1c        0x8 e:/stm32ide/stm32cubeide_1.11.0/stm32cubeide/plugins/com.st.stm32cube.ide.mcu.externaltools.gnu-tools-for-stm32.10.3-2021.10.win32_1.0.100.202210260954/tools/bin/../lib/gcc/arm-none-eabi/10.3.1/thumb/v7-m/nofp/crtn.o
                0x0000000008001e24                . = ALIGN (0x4)
                0x0000000008001e24                _etext = .

.vfp11_veneer   0x0000000008001e24        0x0
 .vfp11_veneer  0x0000000008001e24        0x0 linker stubs

.v4_bx          0x0000000008001e24        0x0
 .v4_bx         0x0000000008001e24        0x0 linker stubs

.iplt           0x0000000008001e24        0x0
 .iplt          0x0000000008001e24        0x0 e:/stm32ide/stm32cubeide_1.11.0/stm32cubeide/plugins/com.st.stm32cube.ide.mcu.externaltools.gnu-tools-for-stm32.10.3-2021.10.win32_1.0.100.202210260954/tools/bin/../lib/gcc/arm-none-eabi/10.3.1/thumb/v7-m/nofp/crtbegin.o

.rodata         0x0000000008001e24       0x50
                0x0000000008001e24                . = ALIGN (0x4)
 *(.rodata)
 *(.rodata*)
 .rodata.b      0x0000000008001e24       0x14 ./Core/Src/main.o
                0x0000000008001e24                b
 .rodata.Pin_7SEG
                0x0000000008001e38        0xe ./Core/Src/main.o
                0x0000000008001e38                Pin_7SEG
 *fill*         0x0000000008001e46        0x2 
 .rodata.Pin_EN
                0x0000000008001e48        0x8 ./Core/Src/main.o
                0x0000000008001e48                Pin_EN
 .rodata.AHBPrescTable
                0x0000000008001e50       0x10 ./Core/Src/system_stm32f1xx.o
                0x0000000008001e50                AHBPrescTable
 .rodata.aPLLMULFactorTable.1
                0x0000000008001e60       0x10 ./Drivers/STM32F1xx_HAL_Driver/Src/stm32f1xx_hal_rcc.o
 .rodata.aPredivFactorTable.0
                0x0000000008001e70        0x2 ./Drivers/STM32F1xx_HAL_Driver/Src/stm32f1xx_hal_rcc.o
                0x0000000008001e74                . = ALIGN (0x4)
 *fill*         0x0000000008001e72        0x2 

.rel.dyn        0x0000000008001e74        0x0
 .rel.iplt      0x0000000008001e74        0x0 e:/stm32ide/stm32cubeide_1.11.0/stm32cubeide/plugins/com.st.stm32cube.ide.mcu.externaltools.gnu-tools-for-stm32.10.3-2021.10.win32_1.0.100.202210260954/tools/bin/../lib/gcc/arm-none-eabi/10.3.1/thumb/v7-m/nofp/crtbegin.o

.ARM.extab      0x0000000008001e74        0x0
                0x0000000008001e74                . = ALIGN (0x4)
 *(.ARM.extab* .gnu.linkonce.armextab.*)
                0x0000000008001e74                . = ALIGN (0x4)

.ARM            0x0000000008001e74        0x0
                0x0000000008001e74                . = ALIGN (0x4)
                0x0000000008001e74                __exidx_start = .
 *(.ARM.exidx*)
                0x0000000008001e74                __exidx_end = .
                0x0000000008001e74                . = ALIGN (0x4)

.preinit_array  0x0000000008001e74        0x0
                0x0000000008001e74                . = ALIGN (0x4)
                0x0000000008001e74                PROVIDE (__preinit_array_start = .)
 *(.preinit_array*)
                0x0000000008001e74                PROVIDE (__preinit_array_end = .)
                0x0000000008001e74                . = ALIGN (0x4)

.init_array     0x0000000008001e74        0x4
                0x0000000008001e74                . = ALIGN (0x4)
                0x0000000008001e74                PROVIDE (__init_array_start = .)
 *(SORT_BY_NAME(.init_array.*))
 *(.init_array*)
 .init_array    0x0000000008001e74        0x4 e:/stm32ide/stm32cubeide_1.11.0/stm32cubeide/plugins/com.st.stm32cube.ide.mcu.externaltools.gnu-tools-for-stm32.10.3-2021.10.win32_1.0.100.202210260954/tools/bin/../lib/gcc/arm-none-eabi/10.3.1/thumb/v7-m/nofp/crtbegin.o
                0x0000000008001e78                PROVIDE (__init_array_end = .)
                0x0000000008001e78                . = ALIGN (0x4)

.fini_array     0x0000000008001e78        0x4
                0x0000000008001e78                . = ALIGN (0x4)
                [!provide]                        PROVIDE (__fini_array_start = .)
 *(SORT_BY_NAME(.fini_array.*))
 *(.fini_array*)
 .fini_array    0x0000000008001e78        0x4 e:/stm32ide/stm32cubeide_1.11.0/stm32cubeide/plugins/com.st.stm32cube.ide.mcu.externaltools.gnu-tools-for-stm32.10.3-2021.10.win32_1.0.100.202210260954/tools/bin/../lib/gcc/arm-none-eabi/10.3.1/thumb/v7-m/nofp/crtbegin.o
                [!provide]                        PROVIDE (__fini_array_end = .)
                0x0000000008001e7c                . = ALIGN (0x4)
                0x0000000008001e7c                _sidata = LOADADDR (.data)

.data           0x0000000020000000       0x24 load address 0x0000000008001e7c
                0x0000000020000000                . = ALIGN (0x4)
                0x0000000020000000                _sdata = .
 *(.data)
 *(.data*)
 .data.GPIO_7SEG
                0x0000000020000000        0x4 ./Core/Src/main.o
                0x0000000020000000                GPIO_7SEG
 .data.GPIO_EN  0x0000000020000004        0x4 ./Core/Src/main.o
                0x0000000020000004                GPIO_EN
 .data._7SEG_Buffer
                0x0000000020000008       0x10 ./Core/Src/main.o
                0x0000000020000008                _7SEG_Buffer
 .data.SystemCoreClock
                0x0000000020000018        0x4 ./Core/Src/system_stm32f1xx.o
                0x0000000020000018                SystemCoreClock
 .data.uwTickPrio
                0x000000002000001c        0x4 ./Drivers/STM32F1xx_HAL_Driver/Src/stm32f1xx_hal.o
                0x000000002000001c                uwTickPrio
 .data.uwTickFreq
                0x0000000020000020        0x1 ./Drivers/STM32F1xx_HAL_Driver/Src/stm32f1xx_hal.o
                0x0000000020000020                uwTickFreq
 *(.RamFunc)
 *(.RamFunc*)
                0x0000000020000024                . = ALIGN (0x4)
 *fill*         0x0000000020000021        0x3 
                0x0000000020000024                _edata = .

.igot.plt       0x0000000020000024        0x0 load address 0x0000000008001ea0
 .igot.plt      0x0000000020000024        0x0 e:/stm32ide/stm32cubeide_1.11.0/stm32cubeide/plugins/com.st.stm32cube.ide.mcu.externaltools.gnu-tools-for-stm32.10.3-2021.10.win32_1.0.100.202210260954/tools/bin/../lib/gcc/arm-none-eabi/10.3.1/thumb/v7-m/nofp/crtbegin.o
                0x0000000020000024                . = ALIGN (0x4)

.bss            0x0000000020000024       0x80 load address 0x0000000008001ea0
                0x0000000020000024                _sbss = .
                0x0000000020000024                __bss_start__ = _sbss
 *(.bss)
 .bss           0x0000000020000024       0x1c e:/stm32ide/stm32cubeide_1.11.0/stm32cubeide/plugins/com.st.stm32cube.ide.mcu.externaltools.gnu-tools-for-stm32.10.3-2021.10.win32_1.0.100.202210260954/tools/bin/../lib/gcc/arm-none-eabi/10.3.1/thumb/v7-m/nofp/crtbegin.o
 *(.bss*)
 .bss.htim2     0x0000000020000040       0x48 ./Core/Src/main.o
                0x0000000020000040                htim2
 .bss._7SEG_Index
                0x0000000020000088        0x4 ./Core/Src/main.o
                0x0000000020000088                _7SEG_Index
 .bss.CounterTimer
                0x000000002000008c        0xc ./Core/Src/software_timer.o
                0x000000002000008c                CounterTimer
 .bss.FlagTimer
                0x0000000020000098        0x6 ./Core/Src/software_timer.o
                0x0000000020000098                FlagTimer
 *fill*         0x000000002000009e        0x2 
 .bss.uwTick    0x00000000200000a0        0x4 ./Drivers/STM32F1xx_HAL_Driver/Src/stm32f1xx_hal.o
                0x00000000200000a0                uwTick
 *(COMMON)
                0x00000000200000a4                . = ALIGN (0x4)
                0x00000000200000a4                _ebss = .
                0x00000000200000a4                __bss_end__ = _ebss

._user_heap_stack
                0x00000000200000a4      0x604 load address 0x0000000008001ea0
                0x00000000200000a8                . = ALIGN (0x8)
 *fill*         0x00000000200000a4        0x4 
                [!provide]                        PROVIDE (end = .)
                0x00000000200000a8                PROVIDE (_end = .)
                0x00000000200002a8                . = (. + _Min_Heap_Size)
 *fill*         0x00000000200000a8      0x200 
                0x00000000200006a8                . = (. + _Min_Stack_Size)
 *fill*         0x00000000200002a8      0x400 
                0x00000000200006a8                . = ALIGN (0x8)

/DISCARD/
 libc.a(*)
 libm.a(*)
 libgcc.a(*)

.ARM.attributes
                0x0000000000000000       0x29
 *(.ARM.attributes)
 .ARM.attributes
                0x0000000000000000       0x1d e:/stm32ide/stm32cubeide_1.11.0/stm32cubeide/plugins/com.st.stm32cube.ide.mcu.externaltools.gnu-tools-for-stm32.10.3-2021.10.win32_1.0.100.202210260954/tools/bin/../lib/gcc/arm-none-eabi/10.3.1/thumb/v7-m/nofp/crti.o
 .ARM.attributes
                0x000000000000001d       0x2d e:/stm32ide/stm32cubeide_1.11.0/stm32cubeide/plugins/com.st.stm32cube.ide.mcu.externaltools.gnu-tools-for-stm32.10.3-2021.10.win32_1.0.100.202210260954/tools/bin/../lib/gcc/arm-none-eabi/10.3.1/thumb/v7-m/nofp/crtbegin.o
 .ARM.attributes
                0x000000000000004a       0x2d ./Core/Src/main.o
 .ARM.attributes
                0x0000000000000077       0x2d ./Core/Src/software_timer.o
 .ARM.attributes
                0x00000000000000a4       0x2d ./Core/Src/stm32f1xx_hal_msp.o
 .ARM.attributes
                0x00000000000000d1       0x2d ./Core/Src/stm32f1xx_it.o
 .ARM.attributes
                0x00000000000000fe       0x2d ./Core/Src/system_stm32f1xx.o
 .ARM.attributes
                0x000000000000012b       0x21 ./Core/Startup/startup_stm32f103c6tx.o
 .ARM.attributes
                0x000000000000014c       0x2d ./Drivers/STM32F1xx_HAL_Driver/Src/stm32f1xx_hal.o
 .ARM.attributes
                0x0000000000000179       0x2d ./Drivers/STM32F1xx_HAL_Driver/Src/stm32f1xx_hal_cortex.o
 .ARM.attributes
                0x00000000000001a6       0x2d ./Drivers/STM32F1xx_HAL_Driver/Src/stm32f1xx_hal_gpio.o
 .ARM.attributes
                0x00000000000001d3       0x2d ./Drivers/STM32F1xx_HAL_Driver/Src/stm32f1xx_hal_rcc.o
 .ARM.attributes
                0x0000000000000200       0x2d ./Drivers/STM32F1xx_HAL_Driver/Src/stm32f1xx_hal_tim.o
 .ARM.attributes
                0x000000000000022d       0x2d ./Drivers/STM32F1xx_HAL_Driver/Src/stm32f1xx_hal_tim_ex.o
 .ARM.attributes
                0x000000000000025a       0x2d e:/stm32ide/stm32cubeide_1.11.0/stm32cubeide/plugins/com.st.stm32cube.ide.mcu.externaltools.gnu-tools-for-stm32.10.3-2021.10.win32_1.0.100.202210260954/tools/bin/../lib/gcc/arm-none-eabi/10.3.1/../../../../arm-none-eabi/lib/thumb/v7-m/nofp\libc_nano.a(lib_a-init.o)
 .ARM.attributes
                0x0000000000000287       0x2d e:/stm32ide/stm32cubeide_1.11.0/stm32cubeide/plugins/com.st.stm32cube.ide.mcu.externaltools.gnu-tools-for-stm32.10.3-2021.10.win32_1.0.100.202210260954/tools/bin/../lib/gcc/arm-none-eabi/10.3.1/../../../../arm-none-eabi/lib/thumb/v7-m/nofp\libc_nano.a(lib_a-memset.o)
 .ARM.attributes
                0x00000000000002b4       0x1d e:/stm32ide/stm32cubeide_1.11.0/stm32cubeide/plugins/com.st.stm32cube.ide.mcu.externaltools.gnu-tools-for-stm32.10.3-2021.10.win32_1.0.100.202210260954/tools/bin/../lib/gcc/arm-none-eabi/10.3.1/thumb/v7-m/nofp/crtn.o
OUTPUT(Lab2.elf elf32-littlearm)
LOAD linker stubs
LOAD e:/stm32ide/stm32cubeide_1.11.0/stm32cubeide/plugins/com.st.stm32cube.ide.mcu.externaltools.gnu-tools-for-stm32.10.3-2021.10.win32_1.0.100.202210260954/tools/bin/../lib/gcc/arm-none-eabi/10.3.1/../../../../arm-none-eabi/lib/thumb/v7-m/nofp\libc.a
LOAD e:/stm32ide/stm32cubeide_1.11.0/stm32cubeide/plugins/com.st.stm32cube.ide.mcu.externaltools.gnu-tools-for-stm32.10.3-2021.10.win32_1.0.100.202210260954/tools/bin/../lib/gcc/arm-none-eabi/10.3.1/../../../../arm-none-eabi/lib/thumb/v7-m/nofp\libm.a
LOAD e:/stm32ide/stm32cubeide_1.11.0/stm32cubeide/plugins/com.st.stm32cube.ide.mcu.externaltools.gnu-tools-for-stm32.10.3-2021.10.win32_1.0.100.202210260954/tools/bin/../lib/gcc/arm-none-eabi/10.3.1/thumb/v7-m/nofp\libgcc.a

.debug_info     0x0000000000000000     0x849a
 .debug_info    0x0000000000000000      0xe64 ./Core/Src/main.o
 .debug_info    0x0000000000000e64      0x208 ./Core/Src/software_timer.o
 .debug_info    0x000000000000106c      0x8dc ./Core/Src/stm32f1xx_hal_msp.o
 .debug_info    0x0000000000001948      0x6ef ./Core/Src/stm32f1xx_it.o
 .debug_info    0x0000000000002037      0x23d ./Core/Src/system_stm32f1xx.o
 .debug_info    0x0000000000002274       0x22 ./Core/Startup/startup_stm32f103c6tx.o
 .debug_info    0x0000000000002296      0x716 ./Drivers/STM32F1xx_HAL_Driver/Src/stm32f1xx_hal.o
 .debug_info    0x00000000000029ac      0xb02 ./Drivers/STM32F1xx_HAL_Driver/Src/stm32f1xx_hal_cortex.o
 .debug_info    0x00000000000034ae      0x615 ./Drivers/STM32F1xx_HAL_Driver/Src/stm32f1xx_hal_gpio.o
 .debug_info    0x0000000000003ac3      0x865 ./Drivers/STM32F1xx_HAL_Driver/Src/stm32f1xx_hal_rcc.o
 .debug_info    0x0000000000004328     0x2bab ./Drivers/STM32F1xx_HAL_Driver/Src/stm32f1xx_hal_tim.o
 .debug_info    0x0000000000006ed3     0x15c7 ./Drivers/STM32F1xx_HAL_Driver/Src/stm32f1xx_hal_tim_ex.o

.debug_abbrev   0x0000000000000000     0x1697
 .debug_abbrev  0x0000000000000000      0x2e5 ./Core/Src/main.o
 .debug_abbrev  0x00000000000002e5      0x127 ./Core/Src/software_timer.o
 .debug_abbrev  0x000000000000040c      0x19f ./Core/Src/stm32f1xx_hal_msp.o
 .debug_abbrev  0x00000000000005ab      0x184 ./Core/Src/stm32f1xx_it.o
 .debug_abbrev  0x000000000000072f      0x13b ./Core/Src/system_stm32f1xx.o
 .debug_abbrev  0x000000000000086a       0x12 ./Core/Startup/startup_stm32f103c6tx.o
 .debug_abbrev  0x000000000000087c      0x1fb ./Drivers/STM32F1xx_HAL_Driver/Src/stm32f1xx_hal.o
 .debug_abbrev  0x0000000000000a77      0x2ed ./Drivers/STM32F1xx_HAL_Driver/Src/stm32f1xx_hal_cortex.o
 .debug_abbrev  0x0000000000000d64      0x1bb ./Drivers/STM32F1xx_HAL_Driver/Src/stm32f1xx_hal_gpio.o
 .debug_abbrev  0x0000000000000f1f      0x2a8 ./Drivers/STM32F1xx_HAL_Driver/Src/stm32f1xx_hal_rcc.o
 .debug_abbrev  0x00000000000011c7      0x264 ./Drivers/STM32F1xx_HAL_Driver/Src/stm32f1xx_hal_tim.o
 .debug_abbrev  0x000000000000142b      0x26c ./Drivers/STM32F1xx_HAL_Driver/Src/stm32f1xx_hal_tim_ex.o

.debug_aranges  0x0000000000000000      0x9d8
 .debug_aranges
                0x0000000000000000       0x70 ./Core/Src/main.o
 .debug_aranges
                0x0000000000000070       0x80 ./Core/Src/software_timer.o
 .debug_aranges
                0x00000000000000f0       0x30 ./Core/Src/stm32f1xx_hal_msp.o
 .debug_aranges
                0x0000000000000120       0x68 ./Core/Src/stm32f1xx_it.o
 .debug_aranges
                0x0000000000000188       0x28 ./Core/Src/system_stm32f1xx.o
 .debug_aranges
                0x00000000000001b0       0x28 ./Core/Startup/startup_stm32f103c6tx.o
 .debug_aranges
                0x00000000000001d8       0xe0 ./Drivers/STM32F1xx_HAL_Driver/Src/stm32f1xx_hal.o
 .debug_aranges
                0x00000000000002b8      0x100 ./Drivers/STM32F1xx_HAL_Driver/Src/stm32f1xx_hal_cortex.o
 .debug_aranges
                0x00000000000003b8       0x58 ./Drivers/STM32F1xx_HAL_Driver/Src/stm32f1xx_hal_gpio.o
 .debug_aranges
                0x0000000000000410       0x90 ./Drivers/STM32F1xx_HAL_Driver/Src/stm32f1xx_hal_rcc.o
 .debug_aranges
                0x00000000000004a0      0x3d0 ./Drivers/STM32F1xx_HAL_Driver/Src/stm32f1xx_hal_tim.o
 .debug_aranges
                0x0000000000000870      0x168 ./Drivers/STM32F1xx_HAL_Driver/Src/stm32f1xx_hal_tim_ex.o

.debug_ranges   0x0000000000000000      0x920
 .debug_ranges  0x0000000000000000       0x60 ./Core/Src/main.o
 .debug_ranges  0x0000000000000060       0x70 ./Core/Src/software_timer.o
 .debug_ranges  0x00000000000000d0       0x20 ./Core/Src/stm32f1xx_hal_msp.o
 .debug_ranges  0x00000000000000f0       0x58 ./Core/Src/stm32f1xx_it.o
 .debug_ranges  0x0000000000000148       0x18 ./Core/Src/system_stm32f1xx.o
 .debug_ranges  0x0000000000000160       0x20 ./Core/Startup/startup_stm32f103c6tx.o
 .debug_ranges  0x0000000000000180       0xd0 ./Drivers/STM32F1xx_HAL_Driver/Src/stm32f1xx_hal.o
 .debug_ranges  0x0000000000000250       0xf0 ./Drivers/STM32F1xx_HAL_Driver/Src/stm32f1xx_hal_cortex.o
 .debug_ranges  0x0000000000000340       0x48 ./Drivers/STM32F1xx_HAL_Driver/Src/stm32f1xx_hal_gpio.o
 .debug_ranges  0x0000000000000388       0x80 ./Drivers/STM32F1xx_HAL_Driver/Src/stm32f1xx_hal_rcc.o
 .debug_ranges  0x0000000000000408      0x3c0 ./Drivers/STM32F1xx_HAL_Driver/Src/stm32f1xx_hal_tim.o
 .debug_ranges  0x00000000000007c8      0x158 ./Drivers/STM32F1xx_HAL_Driver/Src/stm32f1xx_hal_tim_ex.o

.debug_macro    0x0000000000000000    0x162a2
 .debug_macro   0x0000000000000000      0x1b5 ./Core/Src/main.o
 .debug_macro   0x00000000000001b5      0xa6c ./Core/Src/main.o
 .debug_macro   0x0000000000000c21      0x215 ./Core/Src/main.o
 .debug_macro   0x0000000000000e36       0x2e ./Core/Src/main.o
 .debug_macro   0x0000000000000e64       0x22 ./Core/Src/main.o
 .debug_macro   0x0000000000000e86       0x22 ./Core/Src/main.o
 .debug_macro   0x0000000000000ea8       0x8e ./Core/Src/main.o
 .debug_macro   0x0000000000000f36       0x51 ./Core/Src/main.o
 .debug_macro   0x0000000000000f87      0x103 ./Core/Src/main.o
 .debug_macro   0x000000000000108a       0x6a ./Core/Src/main.o
 .debug_macro   0x00000000000010f4      0x1df ./Core/Src/main.o
 .debug_macro   0x00000000000012d3       0x1c ./Core/Src/main.o
 .debug_macro   0x00000000000012ef       0x22 ./Core/Src/main.o
 .debug_macro   0x0000000000001311       0xbd ./Core/Src/main.o
 .debug_macro   0x00000000000013ce      0xd23 ./Core/Src/main.o
 .debug_macro   0x00000000000020f1     0xde75 ./Core/Src/main.o
 .debug_macro   0x000000000000ff66       0x6d ./Core/Src/main.o
 .debug_macro   0x000000000000ffd3     0x348d ./Core/Src/main.o
 .debug_macro   0x0000000000013460      0x174 ./Core/Src/main.o
 .debug_macro   0x00000000000135d4       0x5c ./Core/Src/main.o
 .debug_macro   0x0000000000013630      0x5bc ./Core/Src/main.o
 .debug_macro   0x0000000000013bec      0x1b7 ./Core/Src/main.o
 .debug_macro   0x0000000000013da3      0x1cb ./Core/Src/main.o
 .debug_macro   0x0000000000013f6e      0x114 ./Core/Src/main.o
 .debug_macro   0x0000000000014082      0x1b2 ./Core/Src/main.o
 .debug_macro   0x0000000000014234       0x27 ./Core/Src/main.o
 .debug_macro   0x000000000001425b      0x12f ./Core/Src/main.o
 .debug_macro   0x000000000001438a      0x1bc ./Core/Src/main.o
 .debug_macro   0x0000000000014546       0x34 ./Core/Src/main.o
 .debug_macro   0x000000000001457a       0x3c ./Core/Src/main.o
 .debug_macro   0x00000000000145b6       0x57 ./Core/Src/main.o
 .debug_macro   0x000000000001460d       0x87 ./Core/Src/main.o
 .debug_macro   0x0000000000014694      0x183 ./Core/Src/main.o
 .debug_macro   0x0000000000014817      0x140 ./Core/Src/main.o
 .debug_macro   0x0000000000014957      0x8ed ./Core/Src/main.o
 .debug_macro   0x0000000000015244       0x69 ./Core/Src/main.o
 .debug_macro   0x00000000000152ad       0xa0 ./Core/Src/main.o
 .debug_macro   0x000000000001534d       0x22 ./Core/Src/main.o
 .debug_macro   0x000000000001536f       0x1a ./Core/Src/software_timer.o
 .debug_macro   0x0000000000015389      0x1a6 ./Core/Src/stm32f1xx_hal_msp.o
 .debug_macro   0x000000000001552f      0x1b0 ./Core/Src/stm32f1xx_it.o
 .debug_macro   0x00000000000156df      0x197 ./Core/Src/system_stm32f1xx.o
 .debug_macro   0x0000000000015876      0x1bb ./Drivers/STM32F1xx_HAL_Driver/Src/stm32f1xx_hal.o
 .debug_macro   0x0000000000015a31      0x197 ./Drivers/STM32F1xx_HAL_Driver/Src/stm32f1xx_hal_cortex.o
 .debug_macro   0x0000000000015bc8      0x202 ./Drivers/STM32F1xx_HAL_Driver/Src/stm32f1xx_hal_gpio.o
 .debug_macro   0x0000000000015dca      0x1a9 ./Drivers/STM32F1xx_HAL_Driver/Src/stm32f1xx_hal_rcc.o
 .debug_macro   0x0000000000015f73      0x198 ./Drivers/STM32F1xx_HAL_Driver/Src/stm32f1xx_hal_tim.o
 .debug_macro   0x000000000001610b      0x197 ./Drivers/STM32F1xx_HAL_Driver/Src/stm32f1xx_hal_tim_ex.o

.debug_line     0x0000000000000000     0x96c8
 .debug_line    0x0000000000000000      0x8e2 ./Core/Src/main.o
 .debug_line    0x00000000000008e2      0x1a2 ./Core/Src/software_timer.o
 .debug_line    0x0000000000000a84      0x6b4 ./Core/Src/stm32f1xx_hal_msp.o
 .debug_line    0x0000000000001138      0x754 ./Core/Src/stm32f1xx_it.o
 .debug_line    0x000000000000188c      0x6f8 ./Core/Src/system_stm32f1xx.o
 .debug_line    0x0000000000001f84       0x86 ./Core/Startup/startup_stm32f103c6tx.o
 .debug_line    0x000000000000200a      0x925 ./Drivers/STM32F1xx_HAL_Driver/Src/stm32f1xx_hal.o
 .debug_line    0x000000000000292f      0xb0d ./Drivers/STM32F1xx_HAL_Driver/Src/stm32f1xx_hal_cortex.o
 .debug_line    0x000000000000343c      0x9a9 ./Drivers/STM32F1xx_HAL_Driver/Src/stm32f1xx_hal_gpio.o
 .debug_line    0x0000000000003de5      0xd31 ./Drivers/STM32F1xx_HAL_Driver/Src/stm32f1xx_hal_rcc.o
 .debug_line    0x0000000000004b16     0x3367 ./Drivers/STM32F1xx_HAL_Driver/Src/stm32f1xx_hal_tim.o
 .debug_line    0x0000000000007e7d     0x184b ./Drivers/STM32F1xx_HAL_Driver/Src/stm32f1xx_hal_tim_ex.o

.debug_str      0x0000000000000000    0x81fb6
 .debug_str     0x0000000000000000    0x7fce5 ./Core/Src/main.o
                                      0x800c2 (size before relaxing)
 .debug_str     0x000000000007fce5       0x96 ./Core/Src/software_timer.o
                                       0x2dd9 (size before relaxing)
 .debug_str     0x000000000007fd7b      0x2d2 ./Core/Src/stm32f1xx_hal_msp.o
                                      0x7fee2 (size before relaxing)
 .debug_str     0x000000000008004d       0xec ./Core/Src/stm32f1xx_it.o
                                      0x7fc4b (size before relaxing)
 .debug_str     0x0000000000080139       0x88 ./Core/Src/system_stm32f1xx.o
                                      0x7f53d (size before relaxing)
 .debug_str     0x00000000000801c1       0x36 ./Core/Startup/startup_stm32f103c6tx.o
                                         0x5f (size before relaxing)
 .debug_str     0x00000000000801f7      0x38e ./Drivers/STM32F1xx_HAL_Driver/Src/stm32f1xx_hal.o
                                      0x7fc36 (size before relaxing)
 .debug_str     0x0000000000080585      0x29e ./Drivers/STM32F1xx_HAL_Driver/Src/stm32f1xx_hal_cortex.o
                                      0x7fb82 (size before relaxing)
 .debug_str     0x0000000000080823      0x307 ./Drivers/STM32F1xx_HAL_Driver/Src/stm32f1xx_hal_gpio.o
                                      0x7f8c3 (size before relaxing)
 .debug_str     0x0000000000080b2a      0x229 ./Drivers/STM32F1xx_HAL_Driver/Src/stm32f1xx_hal_rcc.o
                                      0x7f96c (size before relaxing)
 .debug_str     0x0000000000080d53      0xdd0 ./Drivers/STM32F1xx_HAL_Driver/Src/stm32f1xx_hal_tim.o
                                      0x8095e (size before relaxing)
 .debug_str     0x0000000000081b23      0x493 ./Drivers/STM32F1xx_HAL_Driver/Src/stm32f1xx_hal_tim_ex.o
                                      0x8017a (size before relaxing)

.comment        0x0000000000000000       0x50
 .comment       0x0000000000000000       0x50 ./Core/Src/main.o
                                         0x51 (size before relaxing)
 .comment       0x0000000000000050       0x51 ./Core/Src/software_timer.o
 .comment       0x0000000000000050       0x51 ./Core/Src/stm32f1xx_hal_msp.o
 .comment       0x0000000000000050       0x51 ./Core/Src/stm32f1xx_it.o
 .comment       0x0000000000000050       0x51 ./Core/Src/system_stm32f1xx.o
 .comment       0x0000000000000050       0x51 ./Drivers/STM32F1xx_HAL_Driver/Src/stm32f1xx_hal.o
 .comment       0x0000000000000050       0x51 ./Drivers/STM32F1xx_HAL_Driver/Src/stm32f1xx_hal_cortex.o
 .comment       0x0000000000000050       0x51 ./Drivers/STM32F1xx_HAL_Driver/Src/stm32f1xx_hal_gpio.o
 .comment       0x0000000000000050       0x51 ./Drivers/STM32F1xx_HAL_Driver/Src/stm32f1xx_hal_rcc.o
 .comment       0x0000000000000050       0x51 ./Drivers/STM32F1xx_HAL_Driver/Src/stm32f1xx_hal_tim.o
 .comment       0x0000000000000050       0x51 ./Drivers/STM32F1xx_HAL_Driver/Src/stm32f1xx_hal_tim_ex.o

.debug_frame    0x0000000000000000     0x2838
 .debug_frame   0x0000000000000000      0x18c ./Core/Src/main.o
 .debug_frame   0x000000000000018c      0x1b8 ./Core/Src/software_timer.o
 .debug_frame   0x0000000000000344       0x80 ./Core/Src/stm32f1xx_hal_msp.o
 .debug_frame   0x00000000000003c4      0x120 ./Core/Src/stm32f1xx_it.o
 .debug_frame   0x00000000000004e4       0x58 ./Core/Src/system_stm32f1xx.o
 .debug_frame   0x000000000000053c      0x334 ./Drivers/STM32F1xx_HAL_Driver/Src/stm32f1xx_hal.o
 .debug_frame   0x0000000000000870      0x428 ./Drivers/STM32F1xx_HAL_Driver/Src/stm32f1xx_hal_cortex.o
 .debug_frame   0x0000000000000c98      0x14c ./Drivers/STM32F1xx_HAL_Driver/Src/stm32f1xx_hal_gpio.o
 .debug_frame   0x0000000000000de4      0x218 ./Drivers/STM32F1xx_HAL_Driver/Src/stm32f1xx_hal_rcc.o
 .debug_frame   0x0000000000000ffc     0x11b8 ./Drivers/STM32F1xx_HAL_Driver/Src/stm32f1xx_hal_tim.o
 .debug_frame   0x00000000000021b4      0x638 ./Drivers/STM32F1xx_HAL_Driver/Src/stm32f1xx_hal_tim_ex.o
 .debug_frame   0x00000000000027ec       0x2c e:/stm32ide/stm32cubeide_1.11.0/stm32cubeide/plugins/com.st.stm32cube.ide.mcu.externaltools.gnu-tools-for-stm32.10.3-2021.10.win32_1.0.100.202210260954/tools/bin/../lib/gcc/arm-none-eabi/10.3.1/../../../../arm-none-eabi/lib/thumb/v7-m/nofp\libc_nano.a(lib_a-init.o)
 .debug_frame   0x0000000000002818       0x20 e:/stm32ide/stm32cubeide_1.11.0/stm32cubeide/plugins/com.st.stm32cube.ide.mcu.externaltools.gnu-tools-for-stm32.10.3-2021.10.win32_1.0.100.202210260954/tools/bin/../lib/gcc/arm-none-eabi/10.3.1/../../../../arm-none-eabi/lib/thumb/v7-m/nofp\libc_nano.a(lib_a-memset.o)
