../Core/Src/main.c:190:5:main	8	static
../Core/Src/main.c:263:6:SystemClock_Config	72	static
../Core/Src/main.c:300:13:MX_TIM2_Init	32	static
../Core/Src/main.c:345:13:MX_GPIO_Init	32	static
../Core/Src/main.c:394:6:HAL_TIM_PeriodElapsedCallback	16	static
../Core/Src/main.c:397:6:SetUp	8	static
../Core/Src/main.c:406:6:UpdateDataBus7SEG	24	static
../Core/Src/main.c:414:6:EnableOne7SEG	24	static
../Core/Src/main.c:423:6:DisplayOne7SEG	16	static
../Core/Src/main.c:427:6:Update7SEG	16	static
../Core/Src/main.c:431:6:UpdateClockBuffer	4	static
../Core/Src/main.c:437:6:ClockTickTick	8	static
../Core/Src/main.c:454:6:EnableColumnLEDMatrix	24	static
../Core/Src/main.c:463:6:UpdateDataRowBus	24	static
../Core/Src/main.c:469:6:DisplayOneColumnLEDMatrix	16	static
../Core/Src/main.c:473:6:UpdateLEDMatrix	16	static
../Core/Src/main.c:477:6:UpdateLEDMatrixBuffer	16	static
../Core/Src/main.c:488:6:Error_Handler	4	static,ignoring_inline_asm
