../Core/Src/main.c:98:5:main	8	static
../Core/Src/main.c:163:6:SystemClock_Config	72	static
../Core/Src/main.c:200:13:MX_TIM2_Init	32	static
../Core/Src/main.c:245:13:MX_GPIO_Init	32	static
../Core/Src/main.c:282:6:HAL_TIM_PeriodElapsedCallback	16	static
../Core/Src/main.c:286:6:DisplayOne7SEG	24	static
../Core/Src/main.c:294:6:EnableOne7SEG	24	static
../Core/Src/main.c:303:6:DisplayMultiple7SEG	16	static
../Core/Src/main.c:307:6:Update7SEG	16	static
../Core/Src/main.c:311:6:UpdateClockBuffer	4	static
../Core/Src/main.c:317:6:ClockTickTick	8	static
../Core/Src/main.c:338:6:Error_Handler	4	static,ignoring_inline_asm
