../Core/Src/software_timer.c:13:6:SetTimerDefault	16	static
../Core/Src/software_timer.c:17:7:GetFlagTimerDefault	16	static
../Core/Src/software_timer.c:20:6:TimerRunDefault	16	static
../Core/Src/software_timer.c:28:6:SetTimer7SEG	16	static
../Core/Src/software_timer.c:31:7:GetFlagTimer7SEG	8	static
../Core/Src/software_timer.c:34:6:TimerRun7SEG	8	static
../Core/Src/software_timer.c:39:6:SetTimerLED	16	static
../Core/Src/software_timer.c:42:7:GetFlagTimerLED	8	static
../Core/Src/software_timer.c:45:6:TimerRunLED	8	static
../Core/Src/software_timer.c:50:6:SetTimerDOT	16	static
../Core/Src/software_timer.c:53:7:GetFlagTimerDOT	8	static
../Core/Src/software_timer.c:56:6:TimerRunDOT	8	static
../Core/Src/software_timer.c:61:6:SetTimerLEDMX	16	static
../Core/Src/software_timer.c:64:7:GetFlagTimerLEDMX	8	static
../Core/Src/software_timer.c:67:6:TimerRunLEDMX	8	static
../Core/Src/software_timer.c:72:6:SetTimerShift	16	static
../Core/Src/software_timer.c:75:7:GetFlagTimerShift	8	static
../Core/Src/software_timer.c:78:6:TimerRunShift	8	static
../Core/Src/software_timer.c:84:6:TimerRun	8	static
