../Core/Src/software_timer.c:13:6:SetTimerDefault	16	static
../Core/Src/software_timer.c:17:6:TimerRunDefault	16	static
../Core/Src/software_timer.c:24:7:GetFlagTimerDefault	16	static
../Core/Src/software_timer.c:29:6:SetTimer7SEG	16	static
../Core/Src/software_timer.c:32:7:GetFlagTimer7SEG	8	static
../Core/Src/software_timer.c:35:6:TimerRun7SEG	8	static
../Core/Src/software_timer.c:40:6:SetTimerLED	16	static
../Core/Src/software_timer.c:43:7:GetFlagTimerLED	8	static
../Core/Src/software_timer.c:46:6:TimerRunLED	8	static
../Core/Src/software_timer.c:51:6:TimerRun	8	static
